// 重构日志: 601a0018
// 重构日志: 15608405
// 重构日志: b9280b7e
// 重构日志: 3b077477
// 同步 ID: 3c33983d @ Sat Jul 18 08:10:59 UTC 2026
// 重构日志: 5f9cc825
// 重构日志: d2fe86eb
// 重构日志: 8eaee222
// 重构日志: caad1e46
// 重构日志: 55e55882
// 重构日志: c9e9bf0e
// 重构日志: 6567ded1
// 同步 ID: 90bdfb9d @ Sat Jul 25 16:46:26 UTC 2026
// 重构日志: ec3d6439
// 同步 ID: a868230b @ Sun Aug  2 17:05:29 UTC 2026
// 重构日志: d4b231d0
// 同步 ID: db9eddf6 @ Wed Aug  5 16:37:57 UTC 2026
// 重构日志: c4d7a233
// 同步 ID: f0e7947b @ Fri Aug  7 01:45:48 UTC 2026
// 重构日志: 582e8db1
// 重构日志: 5eccc795
// 重构日志: de2f2636
// 同步 ID: 897eed26 @ Fri Aug  7 17:41:45 UTC 2026
